2025-03-30T15:01:05.272Z - info: Website generation (lazy) started at 11:00:44 pm
2025-03-30T15:01:20.384Z - warn: ENOENT: no such file or directory, open 'D:\AkshayNarayan\Teaching\CS2113\_AY2425Sem2\website\cache\gh-pages\https!github.com!nus-cs2113-AY2425S2!website.git\book\_markbind\variables.md'
2025-03-30T15:01:20.389Z - warn: ENOENT: no such file or directory, open 'D:\AkshayNarayan\Teaching\CS2113\_AY2425Sem2\website\cache\gh-pages\https!github.com!nus-cs2113-AY2425S2!website.git\_markbind\variables.md'
2025-03-30T15:01:20.568Z - info: Building assets...
2025-03-30T15:02:23.289Z - info: Assets built
2025-03-30T15:02:23.291Z - info: Generating landing page...
2025-03-30T15:02:25.796Z - info: Landing page built, other pages will be built as you navigate to them!
2025-03-30T15:02:27.592Z - info: Site data built
2025-03-30T15:02:27.593Z - info: Website generation (lazy) complete! Total build time: 103.15s
2025-03-30T15:02:27.827Z - info: Serving "D:\AkshayNarayan\Teaching\CS2113\_AY2425Sem2\website\_site" at http://127.0.0.1:8080
2025-03-30T15:02:27.828Z - info: Press CTRL+C to stop ...
2025-03-30T15:03:11.952Z - info: [11:03:11 pm] Reload for file change: D:\AkshayNarayan\Teaching\CS2113\_AY2425Sem2\website\_markbind\variables.md
2025-03-30T15:03:11.953Z - info: Synchronizing opened pages list before reload
2025-03-30T15:03:11.955Z - info: Current opened pages, from most-to-least recent:
2025-03-30T15:03:11.955Z - info: 1. index
2025-03-30T15:03:13.019Z - warn: ENOENT: no such file or directory, open 'D:\AkshayNarayan\Teaching\CS2113\_AY2425Sem2\website\cache\gh-pages\https!github.com!nus-cs2113-AY2425S2!website.git\book\_markbind\variables.md'
2025-03-30T15:03:13.023Z - warn: ENOENT: no such file or directory, open 'D:\AkshayNarayan\Teaching\CS2113\_AY2425Sem2\website\cache\gh-pages\https!github.com!nus-cs2113-AY2425S2!website.git\_markbind\variables.md'
2025-03-30T15:03:13.234Z - warn: Rebuilding all pages as variables file was changed, or the --force-reload flag was set
2025-03-30T15:03:13.245Z - info: Rebuilding 1 pages
2025-03-30T15:03:17.477Z - info: Site data built
2025-03-30T15:03:17.484Z - info: Pages rebuilt
2025-03-30T15:03:17.499Z - info: Website regeneration complete! Total build time: 4.518s
2025-03-30T15:03:23.556Z - info: Building D:\AkshayNarayan\Teaching\CS2113\_AY2425Sem2\website\schedule\week11\tutorial as some of its dependencies were changed since the last visit
2025-03-30T15:03:24.956Z - info: Site data built
2025-03-30T15:03:24.957Z - info: Lazy website regeneration complete! Total build time: 1.403s
2025-03-30T15:03:40.986Z - info: Building D:\AkshayNarayan\Teaching\CS2113\_AY2425Sem2\website\admin\index as some of its dependencies were changed since the last visit
2025-03-30T15:03:41.615Z - info: Site data built
2025-03-30T15:03:41.615Z - info: Lazy website regeneration complete! Total build time: 0.63s
2025-03-30T15:03:51.186Z - info: Building D:\AkshayNarayan\Teaching\CS2113\_AY2425Sem2\website\admin\tp-pe as some of its dependencies were changed since the last visit
2025-03-30T15:03:54.139Z - info: Site data built
2025-03-30T15:03:54.140Z - info: Lazy website regeneration complete! Total build time: 2.954s
2025-03-30T15:04:15.154Z - info: Building D:\AkshayNarayan\Teaching\CS2113\_AY2425Sem2\website\admin\tp-ped as some of its dependencies were changed since the last visit
2025-03-30T15:04:19.228Z - info: Site data built
2025-03-30T15:04:19.229Z - info: Lazy website regeneration complete! Total build time: 4.076s
2025-03-30T15:06:45.268Z - info: Building D:\AkshayNarayan\Teaching\CS2113\_AY2425Sem2\website\admin\tp-deliverables as some of its dependencies were changed since the last visit
2025-03-30T15:06:47.076Z - info: Site data built
2025-03-30T15:06:47.077Z - info: Lazy website regeneration complete! Total build time: 1.808s
2025-03-30T15:07:34.418Z - info: Building D:\AkshayNarayan\Teaching\CS2113\_AY2425Sem2\website\admin\tutorials as some of its dependencies were changed since the last visit
2025-03-30T15:07:35.864Z - info: Site data built
2025-03-30T15:07:35.864Z - info: Lazy website regeneration complete! Total build time: 1.447s
2025-03-30T15:12:34.788Z - info: Website generation started at 11:11:49 pm
2025-03-30T15:12:45.222Z - info: Building assets...
2025-03-30T15:12:52.393Z - info: Assets built
2025-03-30T15:12:52.395Z - info: Generating pages...
2025-03-30T15:13:20.753Z - debug:  
2025-03-30T15:13:20.754Z - debug:  
2025-03-30T15:13:20.755Z - debug:  
2025-03-30T15:13:20.756Z - debug:  
2025-03-30T15:13:20.758Z - debug:  
2025-03-30T15:13:20.759Z - debug:  
2025-03-30T15:13:20.762Z - debug:  
2025-03-30T15:13:20.762Z - debug:  
2025-03-30T15:13:20.763Z - debug:  
2025-03-30T15:13:20.767Z - debug:  
2025-03-30T15:13:20.767Z - debug:  
2025-03-30T15:13:20.768Z - debug:  
2025-03-30T15:13:20.769Z - debug:  
2025-03-30T15:13:20.770Z - debug:  
2025-03-30T15:13:20.771Z - debug:  
2025-03-30T15:13:23.585Z - debug:  
2025-03-30T15:13:30.135Z - debug:  
2025-03-30T15:14:22.572Z - debug:  
2025-03-30T15:18:35.092Z - debug:  
2025-03-30T15:19:13.998Z - debug:  
2025-03-30T15:19:14.028Z - debug:  
2025-03-30T15:19:40.985Z - info: Pages built
2025-03-30T15:19:43.091Z - info: Site data built
2025-03-30T15:19:43.092Z - info: Website generation complete! Total build time: 473.136s
2025-03-30T15:19:43.092Z - info: Build success!
2025-03-30T15:23:44.500Z - info: The website has been deployed at: https://nus-cs2113-ay2425s2.github.io/website
2025-03-30T15:40:42.732Z - info: Website generation (lazy) started at 11:40:23 pm
2025-03-30T15:40:56.472Z - warn: ENOENT: no such file or directory, open 'D:\AkshayNarayan\Teaching\CS2113\_AY2425Sem2\website\cache\gh-pages\https!github.com!nus-cs2113-AY2425S2!website.git\book\_markbind\variables.md'
2025-03-30T15:40:56.476Z - warn: ENOENT: no such file or directory, open 'D:\AkshayNarayan\Teaching\CS2113\_AY2425Sem2\website\cache\gh-pages\https!github.com!nus-cs2113-AY2425S2!website.git\_markbind\variables.md'
2025-03-30T15:40:56.692Z - info: Building assets...
2025-03-30T15:41:46.399Z - info: Assets built
2025-03-30T15:41:46.403Z - info: Generating landing page...
2025-03-30T15:41:47.910Z - error:  Template render error: (D:\AkshayNarayan\Teaching\CS2113\_AY2425Sem2\website\admin\tp-w11.md)
  Template render error: (D:\AkshayNarayan\Teaching\CS2113\_AY2425Sem2\website\admin\tp-w11.md) [Line 2000, Column 16]
  unknown block tag: endif
    at Object._prettifyError (C:\Users\dcsaksh\AppData\Roaming\npm\node_modules\markbind-cli\node_modules\nunjucks\src\lib.js:32:11)
    at C:\Users\dcsaksh\AppData\Roaming\npm\node_modules\markbind-cli\node_modules\@markbind\core\src\patches\nunjucks\context-overrides-frame.js:383:17
    at Template.root [as rootRenderFunc] (eval at _compile (C:\Users\dcsaksh\AppData\Roaming\npm\node_modules\markbind-cli\node_modules\nunjucks\src\environment.js:527:18), <anonymous>:29:3)
    at Template.render (C:\Users\dcsaksh\AppData\Roaming\npm\node_modules\markbind-cli\node_modules\@markbind\core\src\patches\nunjucks\context-overrides-frame.js:372:8)
    at C:\Users\dcsaksh\AppData\Roaming\npm\node_modules\markbind-cli\node_modules\@markbind\core\src\patches\nunjucks\context-overrides-frame.js:54:25
    at createTemplate (C:\Users\dcsaksh\AppData\Roaming\npm\node_modules\markbind-cli\node_modules\@markbind\core\src\patches\nunjucks\load-event.js:121:7)
    at handle (C:\Users\dcsaksh\AppData\Roaming\npm\node_modules\markbind-cli\node_modules\@markbind\core\src\patches\nunjucks\load-event.js:133:9)
    at C:\Users\dcsaksh\AppData\Roaming\npm\node_modules\markbind-cli\node_modules\@markbind\core\src\patches\nunjucks\load-event.js:145:7
    at next (C:\Users\dcsaksh\AppData\Roaming\npm\node_modules\markbind-cli\node_modules\nunjucks\src\lib.js:258:7)
    at Object.asyncIter (C:\Users\dcsaksh\AppData\Roaming\npm\node_modules\markbind-cli\node_modules\nunjucks\src\lib.js:263:3)
    at Environment.getTemplate (C:\Users\dcsaksh\AppData\Roaming\npm\node_modules\markbind-cli\node_modules\@markbind\core\src\patches\nunjucks\load-event.js:127:7)
    at Environment.render (C:\Users\dcsaksh\AppData\Roaming\npm\node_modules\markbind-cli\node_modules\@markbind\core\src\patches\nunjucks\context-overrides-frame.js:48:8)
    at VariableRenderer.renderFile (C:\Users\dcsaksh\AppData\Roaming\npm\node_modules\markbind-cli\node_modules\@markbind\core\src\variables\VariableRenderer.js:73:24)
    at VariableProcessor.renderWithSiteVariables (C:\Users\dcsaksh\AppData\Roaming\npm\node_modules\markbind-cli\node_modules\@markbind\core\src\variables\VariableProcessor.js:154:57)
    at VariableProcessor.renderIncludeFile (C:\Users\dcsaksh\AppData\Roaming\npm\node_modules\markbind-cli\node_modules\@markbind\core\src\variables\VariableProcessor.js:231:38)
    at processInclude (C:\Users\dcsaksh\AppData\Roaming\npm\node_modules\markbind-cli\node_modules\@markbind\core\src\html\includePanelProcessor.js:198:68)
2025-03-30T15:41:48.442Z - info: Landing page built, other pages will be built as you navigate to them!
2025-03-30T15:41:50.370Z - info: Site data built
2025-03-30T15:41:50.372Z - info: Website generation (lazy) complete! Total build time: 87.064s
2025-03-30T15:41:50.461Z - info: Serving "D:\AkshayNarayan\Teaching\CS2113\_AY2425Sem2\website\_site" at http://127.0.0.1:8080
2025-03-30T15:41:50.462Z - info: Press CTRL+C to stop ...
2025-03-30T15:43:52.334Z - info: Building D:\AkshayNarayan\Teaching\CS2113\_AY2425Sem2\website\schedule\week11\tutorial as some of its dependencies were changed since the last visit
2025-03-30T15:43:53.086Z - error:  Template render error: (D:\AkshayNarayan\Teaching\CS2113\_AY2425Sem2\website\admin\tp-tasks-fragment.md) [Line 2000, Column 16]
  unknown block tag: endif
    at Object._prettifyError (C:\Users\dcsaksh\AppData\Roaming\npm\node_modules\markbind-cli\node_modules\nunjucks\src\lib.js:32:11)
    at Template.render (C:\Users\dcsaksh\AppData\Roaming\npm\node_modules\markbind-cli\node_modules\@markbind\core\src\patches\nunjucks\context-overrides-frame.js:358:19)
    at C:\Users\dcsaksh\AppData\Roaming\npm\node_modules\markbind-cli\node_modules\@markbind\core\src\patches\nunjucks\context-overrides-frame.js:54:25
    at createTemplate (C:\Users\dcsaksh\AppData\Roaming\npm\node_modules\markbind-cli\node_modules\@markbind\core\src\patches\nunjucks\load-event.js:121:7)
    at handle (C:\Users\dcsaksh\AppData\Roaming\npm\node_modules\markbind-cli\node_modules\@markbind\core\src\patches\nunjucks\load-event.js:133:9)
    at C:\Users\dcsaksh\AppData\Roaming\npm\node_modules\markbind-cli\node_modules\@markbind\core\src\patches\nunjucks\load-event.js:145:7
    at next (C:\Users\dcsaksh\AppData\Roaming\npm\node_modules\markbind-cli\node_modules\nunjucks\src\lib.js:258:7)
    at Object.asyncIter (C:\Users\dcsaksh\AppData\Roaming\npm\node_modules\markbind-cli\node_modules\nunjucks\src\lib.js:263:3)
    at Environment.getTemplate (C:\Users\dcsaksh\AppData\Roaming\npm\node_modules\markbind-cli\node_modules\@markbind\core\src\patches\nunjucks\load-event.js:127:7)
    at Environment.render (C:\Users\dcsaksh\AppData\Roaming\npm\node_modules\markbind-cli\node_modules\@markbind\core\src\patches\nunjucks\context-overrides-frame.js:48:8)
    at VariableRenderer.renderFile (C:\Users\dcsaksh\AppData\Roaming\npm\node_modules\markbind-cli\node_modules\@markbind\core\src\variables\VariableRenderer.js:73:24)
    at VariableProcessor.renderWithSiteVariables (C:\Users\dcsaksh\AppData\Roaming\npm\node_modules\markbind-cli\node_modules\@markbind\core\src\variables\VariableProcessor.js:154:57)
    at VariableProcessor.renderIncludeFile (C:\Users\dcsaksh\AppData\Roaming\npm\node_modules\markbind-cli\node_modules\@markbind\core\src\variables\VariableProcessor.js:231:38)
    at processInclude (C:\Users\dcsaksh\AppData\Roaming\npm\node_modules\markbind-cli\node_modules\@markbind\core\src\html\includePanelProcessor.js:198:68)
    at NodeProcessor.processNode (C:\Users\dcsaksh\AppData\Roaming\npm\node_modules\markbind-cli\node_modules\@markbind\core\src\html\NodeProcessor.js:173:71)
    at NodeProcessor.traverse (C:\Users\dcsaksh\AppData\Roaming\npm\node_modules\markbind-cli\node_modules\@markbind\core\src\html\NodeProcessor.js:342:24)
2025-03-30T15:43:53.252Z - info: Site data built
2025-03-30T15:43:53.253Z - info: Lazy website regeneration complete! Total build time: 0.923s
2025-03-30T15:44:01.667Z - info: [11:44:01 pm] Reload for file change: D:\AkshayNarayan\Teaching\CS2113\_AY2425Sem2\website\admin\tp-tasks-fragment.md
2025-03-30T15:44:01.668Z - info: Synchronizing opened pages list before reload
2025-03-30T15:44:01.671Z - info: Current opened pages, from most-to-least recent:
2025-03-30T15:44:01.672Z - info: 1. schedule/week11/tutorial
2025-03-30T15:44:02.886Z - info: Rebuilding 1 pages
2025-03-30T15:44:05.631Z - info: Site data built
2025-03-30T15:44:05.632Z - info: Pages rebuilt
2025-03-30T15:44:05.633Z - info: Website regeneration complete! Total build time: 2.772s
