2025-01-28T03:37:40.674Z - info: Website generation (lazy) started at 11:37:25 am
2025-01-28T03:37:48.947Z - warn: ENOENT: no such file or directory, open 'D:\AkshayNarayan\Teaching\CS2113\_AY2425Sem2\website\cache\gh-pages\https!github.com!nus-cs2113-AY2425S2!website.git\book\_markbind\variables.md'
2025-01-28T03:37:48.950Z - warn: ENOENT: no such file or directory, open 'D:\AkshayNarayan\Teaching\CS2113\_AY2425Sem2\website\cache\gh-pages\https!github.com!nus-cs2113-AY2425S2!website.git\_markbind\variables.md'
2025-01-28T03:37:49.063Z - info: Building assets...
2025-01-28T03:38:32.625Z - info: Assets built
2025-01-28T03:38:32.627Z - info: Generating landing page...
2025-01-28T03:38:34.355Z - info: Landing page built, other pages will be built as you navigate to them!
2025-01-28T03:38:36.017Z - info: Site data built
2025-01-28T03:38:36.018Z - info: Website generation (lazy) complete! Total build time: 70.603s
2025-01-28T03:38:36.283Z - info: Serving "D:\AkshayNarayan\Teaching\CS2113\_AY2425Sem2\website\_site" at http://127.0.0.1:8080
2025-01-28T03:38:36.285Z - info: Press CTRL+C to stop ...
2025-01-28T03:38:53.308Z - info: Building D:\AkshayNarayan\Teaching\CS2113\_AY2425Sem2\website\schedule\week3\admin as some of its dependencies were changed since the last visit
2025-01-28T03:38:54.164Z - info: Site data built
2025-01-28T03:38:54.165Z - info: Lazy website regeneration complete! Total build time: 0.867s
2025-01-28T03:40:25.752Z - info: Website generation started at 11:39:54 am
2025-01-28T03:40:30.438Z - info: Building assets...
2025-01-28T03:40:34.007Z - info: Assets built
2025-01-28T03:40:34.008Z - info: Generating pages...
2025-01-28T03:40:50.580Z - debug:  
2025-01-28T03:40:50.581Z - debug:  
2025-01-28T03:40:50.582Z - debug:  
2025-01-28T03:40:50.583Z - debug:  
2025-01-28T03:40:50.584Z - debug:  
2025-01-28T03:40:50.585Z - debug:  
2025-01-28T03:40:50.585Z - debug:  
2025-01-28T03:40:50.586Z - debug:  
2025-01-28T03:40:50.586Z - debug:  
2025-01-28T03:40:50.587Z - debug:  
2025-01-28T03:40:50.903Z - debug:  
2025-01-28T03:40:50.904Z - debug:  
2025-01-28T03:40:50.904Z - debug:  
2025-01-28T03:40:50.904Z - debug:  
2025-01-28T03:40:50.904Z - debug:  
2025-01-28T03:40:52.883Z - debug:  
2025-01-28T03:40:57.489Z - debug:  
2025-01-28T03:41:24.474Z - debug:  
2025-01-28T03:43:16.322Z - debug:  
2025-01-28T03:43:30.165Z - debug:  
2025-01-28T03:43:30.188Z - debug:  
2025-01-28T03:43:38.103Z - info: Pages built
2025-01-28T03:43:39.565Z - info: Site data built
2025-01-28T03:43:39.565Z - info: Website generation complete! Total build time: 225.296s
2025-01-28T03:43:39.566Z - info: Build success!
2025-01-28T03:47:31.113Z - info: The website has been deployed at: https://nus-cs2113-ay2425s2.github.io/website
2025-01-28T03:49:04.679Z - info: Website generation started at 11:48:48 am
2025-01-28T03:49:10.975Z - info: Building assets...
2025-01-28T03:49:15.844Z - info: Assets built
2025-01-28T03:49:15.846Z - info: Generating pages...
2025-01-28T03:49:33.007Z - debug:  
2025-01-28T03:49:33.008Z - debug:  
2025-01-28T03:49:33.009Z - debug:  
2025-01-28T03:49:33.009Z - debug:  
2025-01-28T03:49:33.013Z - debug:  
2025-01-28T03:49:33.014Z - debug:  
2025-01-28T03:49:33.015Z - debug:  
2025-01-28T03:49:33.015Z - debug:  
2025-01-28T03:49:33.015Z - debug:  
2025-01-28T03:49:33.015Z - debug:  
2025-01-28T03:49:33.015Z - debug:  
2025-01-28T03:49:33.015Z - debug:  
2025-01-28T03:49:33.033Z - debug:  
2025-01-28T03:49:33.034Z - debug:  
2025-01-28T03:49:33.040Z - debug:  
2025-01-28T03:49:34.367Z - debug:  
2025-01-28T03:49:37.881Z - debug:  
2025-01-28T03:50:01.919Z - debug:  
2025-01-28T03:51:39.852Z - debug:  
2025-01-28T03:51:52.896Z - debug:  
2025-01-28T03:51:52.897Z - debug:  
2025-01-28T03:52:01.282Z - info: Pages built
2025-01-28T03:52:02.770Z - info: Site data built
2025-01-28T03:52:02.771Z - info: Website generation complete! Total build time: 194.087s
2025-01-28T03:52:02.771Z - info: Build success!
2025-01-28T03:55:19.255Z - info: The website has been deployed at: https://nus-cs2113-ay2425s2.github.io/website
2025-01-28T06:01:41.778Z - info: Website generation (lazy) started at 2:01:24 pm
2025-01-28T06:01:51.982Z - warn: ENOENT: no such file or directory, open 'D:\AkshayNarayan\Teaching\CS2113\_AY2425Sem2\website\cache\gh-pages\https!github.com!nus-cs2113-AY2425S2!website.git\book\_markbind\variables.md'
2025-01-28T06:01:51.987Z - warn: ENOENT: no such file or directory, open 'D:\AkshayNarayan\Teaching\CS2113\_AY2425Sem2\website\cache\gh-pages\https!github.com!nus-cs2113-AY2425S2!website.git\_markbind\variables.md'
2025-01-28T06:01:52.231Z - info: Building assets...
2025-01-28T06:02:56.317Z - info: Assets built
2025-01-28T06:02:56.319Z - info: Generating landing page...
2025-01-28T06:02:57.736Z - info: Landing page built, other pages will be built as you navigate to them!
2025-01-28T06:02:59.300Z - info: Site data built
2025-01-28T06:02:59.301Z - info: Website generation (lazy) complete! Total build time: 94.849s
2025-01-28T06:02:59.382Z - info: Serving "D:\AkshayNarayan\Teaching\CS2113\_AY2425Sem2\website\_site" at http://127.0.0.1:8080
2025-01-28T06:02:59.383Z - info: Press CTRL+C to stop ...
2025-01-28T06:03:12.034Z - info: Building D:\AkshayNarayan\Teaching\CS2113\_AY2425Sem2\website\admin\index as some of its dependencies were changed since the last visit
2025-01-28T06:03:14.276Z - info: Site data built
2025-01-28T06:03:14.277Z - info: Lazy website regeneration complete! Total build time: 2.243s
2025-01-28T06:03:37.675Z - info: Building D:\AkshayNarayan\Teaching\CS2113\_AY2425Sem2\website\admin\ip-grading as some of its dependencies were changed since the last visit
2025-01-28T06:03:37.862Z - info: Site data built
2025-01-28T06:03:37.863Z - info: Lazy website regeneration complete! Total build time: 0.189s
