2025-03-04T11:54:53.497Z - info: Website generation started at 7:54:39 pm
2025-03-04T11:54:58.255Z - info: Building assets...
2025-03-04T11:55:03.027Z - info: Assets built
2025-03-04T11:55:03.028Z - info: Generating pages...
2025-03-04T11:55:17.859Z - debug:  
2025-03-04T11:55:17.861Z - debug:  
2025-03-04T11:55:17.862Z - debug:  
2025-03-04T11:55:17.863Z - debug:  
2025-03-04T11:55:18.148Z - debug:  
2025-03-04T11:55:18.149Z - debug:  
2025-03-04T11:55:18.149Z - debug:  
2025-03-04T11:55:18.154Z - debug:  
2025-03-04T11:55:18.155Z - debug:  
2025-03-04T11:55:18.155Z - debug:  
2025-03-04T11:55:18.155Z - debug:  
2025-03-04T11:55:18.156Z - debug:  
2025-03-04T11:55:18.156Z - debug:  
2025-03-04T11:55:18.156Z - debug:  
2025-03-04T11:55:18.160Z - debug:  
2025-03-04T11:55:19.428Z - debug:  
2025-03-04T11:55:23.032Z - debug:  
2025-03-04T11:55:42.720Z - debug:  
2025-03-04T11:58:14.034Z - debug:  
2025-03-04T11:58:26.854Z - debug:  
2025-03-04T11:58:26.891Z - debug:  
2025-03-04T11:58:37.743Z - info: Pages built
2025-03-04T11:58:39.723Z - info: Site data built
2025-03-04T11:58:39.724Z - info: Website generation complete! Total build time: 240.043s
2025-03-04T11:58:39.724Z - info: Build success!
2025-03-04T12:01:56.890Z - info: The website has been deployed at: https://nus-cs2113-ay2425s2.github.io/website
2025-03-04T12:03:48.221Z - info: Website generation started at 8:03:32 pm
2025-03-04T12:03:53.618Z - info: Building assets...
2025-03-04T12:03:57.847Z - info: Assets built
2025-03-04T12:03:57.849Z - info: Generating pages...
2025-03-04T12:04:10.602Z - debug:  
2025-03-04T12:04:10.603Z - debug:  
2025-03-04T12:04:10.604Z - debug:  
2025-03-04T12:04:10.604Z - debug:  
2025-03-04T12:04:10.605Z - debug:  
2025-03-04T12:04:10.605Z - debug:  
2025-03-04T12:04:10.605Z - debug:  
2025-03-04T12:04:10.605Z - debug:  
2025-03-04T12:04:10.872Z - debug:  
2025-03-04T12:04:10.873Z - debug:  
2025-03-04T12:04:10.873Z - debug:  
2025-03-04T12:04:10.873Z - debug:  
2025-03-04T12:04:10.873Z - debug:  
2025-03-04T12:04:10.873Z - debug:  
2025-03-04T12:04:10.873Z - debug:  
2025-03-04T12:04:12.092Z - debug:  
2025-03-04T12:04:16.055Z - debug:  
2025-03-04T12:04:40.846Z - debug:  
2025-03-04T12:06:35.854Z - debug:  
2025-03-04T12:06:53.917Z - debug:  
2025-03-04T12:06:53.992Z - debug:  
2025-03-04T12:07:05.895Z - info: Pages built
2025-03-04T12:07:07.633Z - info: Site data built
2025-03-04T12:07:07.634Z - info: Website generation complete! Total build time: 214.903s
2025-03-04T12:07:07.634Z - info: Build success!
2025-03-04T12:11:08.661Z - info: The website has been deployed at: https://nus-cs2113-ay2425s2.github.io/website
