2025-04-12T02:16:57.010Z - info: Website generation (lazy) started at 10:16:36 am
2025-04-12T02:17:15.588Z - warn: ENOENT: no such file or directory, open 'D:\AkshayNarayan\Teaching\CS2113\_AY2425Sem2\website\cache\gh-pages\https!github.com!nus-cs2113-AY2425S2!website.git\book\_markbind\variables.md'
2025-04-12T02:17:15.591Z - warn: ENOENT: no such file or directory, open 'D:\AkshayNarayan\Teaching\CS2113\_AY2425Sem2\website\cache\gh-pages\https!github.com!nus-cs2113-AY2425S2!website.git\_markbind\variables.md'
2025-04-12T02:17:15.834Z - info: Building assets...
2025-04-12T02:18:11.355Z - info: Assets built
2025-04-12T02:18:11.358Z - info: Generating landing page...
2025-04-12T02:18:14.969Z - info: Landing page built, other pages will be built as you navigate to them!
2025-04-12T02:18:17.270Z - info: Site data built
2025-04-12T02:18:17.271Z - info: Website generation (lazy) complete! Total build time: 100.906s
2025-04-12T02:18:17.528Z - info: Serving "D:\AkshayNarayan\Teaching\CS2113\_AY2425Sem2\website\_site" at http://127.0.0.1:8080
2025-04-12T02:18:17.529Z - info: Press CTRL+C to stop ...
2025-04-12T02:22:12.511Z - info: Building D:\AkshayNarayan\Teaching\CS2113\_AY2425Sem2\website\admin\index as some of its dependencies were changed since the last visit
2025-04-12T02:22:13.423Z - info: Site data built
2025-04-12T02:22:13.425Z - info: Lazy website regeneration complete! Total build time: 0.914s
2025-04-12T02:22:19.377Z - info: Building D:\AkshayNarayan\Teaching\CS2113\_AY2425Sem2\website\admin\tp-pe as some of its dependencies were changed since the last visit
2025-04-12T02:22:22.273Z - info: Site data built
2025-04-12T02:22:22.274Z - info: Lazy website regeneration complete! Total build time: 2.898s
2025-04-12T02:22:44.551Z - info: [10:22:44 am] Reload for file change: D:\AkshayNarayan\Teaching\CS2113\_AY2425Sem2\website\admin\tp-pe-fragment.md
2025-04-12T02:22:44.552Z - info: Synchronizing opened pages list before reload
2025-04-12T02:22:44.552Z - info: Current opened pages, from most-to-least recent:
2025-04-12T02:22:44.553Z - info: 1. admin/tp-pe
2025-04-12T02:22:45.565Z - info: Rebuilding 1 pages
2025-04-12T02:22:48.704Z - info: Site data built
2025-04-12T02:22:48.706Z - info: Pages rebuilt
2025-04-12T02:22:48.707Z - info: Website regeneration complete! Total build time: 3.143s
2025-04-12T02:23:44.191Z - info: [10:23:44 am] Reload for file change: D:\AkshayNarayan\Teaching\CS2113\_AY2425Sem2\website\admin\tp-pe-fragment.md
2025-04-12T02:23:44.192Z - info: Synchronizing opened pages list before reload
2025-04-12T02:23:44.193Z - info: Current opened pages, from most-to-least recent:
2025-04-12T02:23:44.194Z - info: 1. admin/tp-pe
2025-04-12T02:23:45.201Z - info: Rebuilding 1 pages
2025-04-12T02:23:49.152Z - info: Site data built
2025-04-12T02:23:49.154Z - info: Pages rebuilt
2025-04-12T02:23:49.155Z - info: Website regeneration complete! Total build time: 3.954s
2025-04-12T02:27:50.593Z - info: Website generation started at 10:27:06 am
2025-04-12T02:28:01.867Z - info: Building assets...
2025-04-12T02:28:09.448Z - info: Assets built
2025-04-12T02:28:09.450Z - info: Generating pages...
2025-04-12T02:28:37.984Z - debug:  
2025-04-12T02:28:37.986Z - debug:  
2025-04-12T02:28:37.990Z - debug:  
2025-04-12T02:28:37.990Z - debug:  
2025-04-12T02:28:37.991Z - debug:  
2025-04-12T02:28:37.992Z - debug:  
2025-04-12T02:28:37.992Z - debug:  
2025-04-12T02:28:37.993Z - debug:  
2025-04-12T02:28:37.993Z - debug:  
2025-04-12T02:28:37.994Z - debug:  
2025-04-12T02:28:37.995Z - debug:  
2025-04-12T02:28:38.041Z - debug:  
2025-04-12T02:28:38.041Z - debug:  
2025-04-12T02:28:38.041Z - debug:  
2025-04-12T02:28:38.042Z - debug:  
2025-04-12T02:28:41.352Z - debug:  
2025-04-12T02:28:49.689Z - debug:  
2025-04-12T02:29:41.903Z - debug:  
2025-04-12T02:33:54.477Z - debug:  
2025-04-12T02:34:37.187Z - debug:  
2025-04-12T02:34:37.231Z - debug:  
2025-04-12T02:35:02.508Z - info: Pages built
2025-04-12T02:35:04.399Z - info: Site data built
2025-04-12T02:35:04.400Z - info: Website generation complete! Total build time: 478.157s
2025-04-12T02:35:04.401Z - info: Build success!
2025-04-12T03:04:56.153Z - info: The website has been deployed at: https://nus-cs2113-ay2425s2.github.io/website
2025-04-12T08:12:11.881Z - info: Website generation started at 4:11:47 pm
2025-04-12T08:12:24.389Z - info: Building assets...
2025-04-12T08:12:32.470Z - info: Assets built
2025-04-12T08:12:32.472Z - info: Generating pages...
2025-04-12T08:13:01.832Z - debug:  
2025-04-12T08:13:01.844Z - debug:  
2025-04-12T08:13:01.845Z - debug:  
2025-04-12T08:13:01.845Z - debug:  
2025-04-12T08:13:01.846Z - debug:  
2025-04-12T08:13:01.846Z - debug:  
2025-04-12T08:13:01.847Z - debug:  
2025-04-12T08:13:01.847Z - debug:  
2025-04-12T08:13:01.848Z - debug:  
2025-04-12T08:13:01.848Z - debug:  
2025-04-12T08:13:01.848Z - debug:  
2025-04-12T08:13:01.848Z - debug:  
2025-04-12T08:13:01.849Z - debug:  
2025-04-12T08:13:01.849Z - debug:  
2025-04-12T08:13:01.862Z - debug:  
2025-04-12T08:13:04.666Z - debug:  
2025-04-12T08:13:11.654Z - debug:  
2025-04-12T08:14:11.138Z - debug:  
2025-04-12T08:18:49.422Z - debug:  
2025-04-12T08:19:30.815Z - debug:  
2025-04-12T08:19:30.854Z - debug:  
2025-04-12T08:19:55.874Z - info: Pages built
2025-04-12T08:19:57.548Z - info: Site data built
2025-04-12T08:19:57.549Z - info: Website generation complete! Total build time: 490.534s
2025-04-12T08:19:57.550Z - info: Build success!
2025-04-12T08:24:04.038Z - error: uncaughtException:       0 [main] sh (35848) C:\Program Files\Git\usr\bin\sh.exe: *** fatal error - add_item ("\??\C:\Program Files\Git", "/", ...) failed, errno 1
Stack trace:
Frame         Function      Args
0007FFFFABC0  00021005FEBA (000210288F1A, 00021026AB81, 000000008000, 0007FFFF8B30) msys-2.0.dll+0x1FEBA
0007FFFFABC0  0002100467F9 (0007FFFFABF0, 0007FFFFABC0, 000000000000, 000000000000) msys-2.0.dll+0x67F9
0007FFFFABC0  000210046832 (0007FFFF9BC0, 000000000001, 000000008000, 000000000001) msys-2.0.dll+0x6832
0007FFFFABC0  00021007D04A (000700000000, 000000000000, 0007FFFFCC18, 0007FFFFCD30) msys-2.0.dll+0x3D04A
1DBAB84248482A5  00021017F015 (000000000000, 000000000000, 0000000001F0, 000000000000) msys-2.0.dll+0x13F015
0007FFFFCD30  000210046E6A (000000000000, 000000000000, 000000000000, 000000000000) msys-2.0.dll+0x6E6A
000000000000  000210045AC3 (000000000000, 000000000000, 000000000000, 000000000000) msys-2.0.dll+0x5AC3
0007FFFFFFF0  000210045B74 (000000000000, 000000000000, 000000000000, 000000000000) msys-2.0.dll+0x5B74
End of stack trace
Loaded modules:
000100400000 sh.exe
7FFB99650000 ntdll.dll
7FFB98C90000 KERNEL32.DLL
7FFB96D50000 KERNELBASE.dll
7FFB979E0000 USER32.dll
7FFB97130000 win32u.dll
7FFB97540000 GDI32.dll
7FFB96B90000 gdi32full.dll
000210040000 msys-2.0.dll
7FFB96CB0000 msvcp_win.dll
7FFB96810000 ucrtbase.dll
7FFB97320000 advapi32.dll
7FFB98790000 msvcrt.dll
7FFB98BE0000 sechost.dll
7FFB96930000 bcrypt.dll
7FFB984C0000 RPCRT4.dll
7FFB95ED0000 CRYPTBASE.DLL
7FFB96790000 bcryptPrimitives.dll
7FFB98840000 IMM32.DLL
7FFB84E40000 TmUmEvt64.dll
7FFB98D60000 PSAPI.DLL
000072CD0000 tmmon64.dll
7FFB6ECC0000 TmUmSnsr64.dll
7FFB956C0000 kernel.appcore.dll
      1 [main] sh (33280) C:\Program Files\Git\usr\bin\sh.exe: *** fatal error - add_item ("\??\C:\Program Files\Git", "/", ...) failed, errno 1
Stack trace:
Frame         Function      Args
0007FFFFABC0  00021005FEBA (000210288F1A, 00021026AB81, 000000008000, 0007FFFF8B30) msys-2.0.dll+0x1FEBA
0007FFFFABC0  0002100467F9 (0007FFFFABF0, 0007FFFFABC0, 000000000000, 000000000000) msys-2.0.dll+0x67F9
0007FFFFABC0  000210046832 (0007FFFF9BC0, 000000000001, 000000008000, 000000000001) msys-2.0.dll+0x6832
0007FFFFABC0  00021007D04A (000700000000, 000000000000, 0007FFFFCC18, 0007FFFFCD30) msys-2.0.dll+0x3D04A
1DBAB842DD65F6D  00021017F015 (000000000000, 000000000000, 000000000200, 000000000000) msys-2.0.dll+0x13F015
0007FFFFCD30  000210046E6A (000000000000, 000000000000, 000000000000, 000000000000) msys-2.0.dll+0x6E6A
000000000000  000210045AC3 (000000000000, 000000000000, 000000000000, 000000000000) msys-2.0.dll+0x5AC3
0007FFFFFFF0  000210045B74 (000000000000, 000000000000, 000000000000, 000000000000) msys-2.0.dll+0x5B74
End of stack trace
Loaded modules:
000100400000 sh.exe
7FFB99650000 ntdll.dll
7FFB98C90000 KERNEL32.DLL
7FFB96D50000 KERNELBASE.dll
7FFB979E0000 USER32.dll
7FFB97130000 win32u.dll
7FFB97540000 GDI32.dll
7FFB96B90000 gdi32full.dll
7FFB96CB0000 msvcp_win.dll
7FFB96810000 ucrtbase.dll
000210040000 msys-2.0.dll
7FFB97320000 advapi32.dll
7FFB98790000 msvcrt.dll
7FFB98BE0000 sechost.dll
7FFB96930000 bcrypt.dll
7FFB984C0000 RPCRT4.dll
7FFB95ED0000 CRYPTBASE.DLL
7FFB96790000 bcryptPrimitives.dll
7FFB98840000 IMM32.DLL
7FFB84E40000 TmUmEvt64.dll
7FFB98D60000 PSAPI.DLL
000072CD0000 tmmon64.dll
7FFB6ECC0000 TmUmSnsr64.dll
7FFB956C0000 kernel.appcore.dll
      0 [main] bash (49168) C:\Program Files\Git\usr\bin\bash.exe: *** fatal error - add_item ("\??\C:\Program Files\Git", "/", ...) failed, errno 1
Stack trace:
Frame         Function      Args
0007FFFFABC0  00021005FEBA (000210288F1A, 00021026AB81, 000000008000, 0007FFFF8B30) msys-2.0.dll+0x1FEBA
0007FFFFABC0  0002100467F9 (0007FFFFABF0, 0007FFFFABC0, 000000000000, 000000000000) msys-2.0.dll+0x67F9
0007FFFFABC0  000210046832 (0007FFFF9BC0, 000000000001, 000000008000, 000000000001) msys-2.0.dll+0x6832
0007FFFFABC0  00021007D04A (000700000000, 000000000000, 0007FFFFCC18, 0007FFFFCD30) msys-2.0.dll+0x3D04A
1DBAB843716B563  00021017F015 (000000000000, 000000000000, 00000000018C, 000000000000) msys-2.0.dll+0x13F015
0007FFFFCD30  000210046E6A (000000000000, 000000000000, 000000000000, 000000000000) msys-2.0.dll+0x6E6A
000000000000  000210045AC3 (000000000000, 000000000000, 000000000000, 000000000000) msys-2.0.dll+0x5AC3
0007FFFFFFF0  000210045B74 (000000000000, 000000000000, 000000000000, 000000000000) msys-2.0.dll+0x5B74
End of stack trace
Loaded modules:
000100400000 bash.exe
7FFB99650000 ntdll.dll
7FFB98C90000 KERNEL32.DLL
7FFB96D50000 KERNELBASE.dll
7FFB979E0000 USER32.dll
7FFB97130000 win32u.dll
7FFB97540000 GDI32.dll
7FFB96B90000 gdi32full.dll
7FFB96CB0000 msvcp_win.dll
7FFB96810000 ucrtbase.dll
000210040000 msys-2.0.dll
7FFB97320000 advapi32.dll
7FFB98790000 msvcrt.dll
7FFB98BE0000 sechost.dll
7FFB96930000 bcrypt.dll
7FFB984C0000 RPCRT4.dll
7FFB95ED0000 CRYPTBASE.DLL
7FFB96790000 bcryptPrimitives.dll
7FFB98840000 IMM32.DLL
error: failed to execute prompt script (exit code 5)
fatal: could not read Username for 'https://github.com': No such file or directory
 date=Sat Apr 12 2025 16:24:04 GMT+0800 (Singapore Standard Time), pid=3448, uid=null, gid=null, cwd=D:\AkshayNarayan\Teaching\CS2113\_AY2425Sem2\website, execPath=C:\Program Files\nodejs\node.exe, version=v18.17.1, argv=[C:\Program Files\nodejs\node.exe, C:\Users\dcsaksh\AppData\Roaming\npm\node_modules\markbind-cli\index.js, deploy], rss=453201920, heapTotal=525234176, heapUsed=335675816, external=41849593, arrayBuffers=40903238, loadavg=[0, 0, 0], uptime=434578.109
ProcessError:       0 [main] sh (35848) C:\Program Files\Git\usr\bin\sh.exe: *** fatal error - add_item ("\??\C:\Program Files\Git", "/", ...) failed, errno 1
Stack trace:
Frame         Function      Args
0007FFFFABC0  00021005FEBA (000210288F1A, 00021026AB81, 000000008000, 0007FFFF8B30) msys-2.0.dll+0x1FEBA
0007FFFFABC0  0002100467F9 (0007FFFFABF0, 0007FFFFABC0, 000000000000, 000000000000) msys-2.0.dll+0x67F9
0007FFFFABC0  000210046832 (0007FFFF9BC0, 000000000001, 000000008000, 000000000001) msys-2.0.dll+0x6832
0007FFFFABC0  00021007D04A (000700000000, 000000000000, 0007FFFFCC18, 0007FFFFCD30) msys-2.0.dll+0x3D04A
1DBAB84248482A5  00021017F015 (000000000000, 000000000000, 0000000001F0, 000000000000) msys-2.0.dll+0x13F015
0007FFFFCD30  000210046E6A (000000000000, 000000000000, 000000000000, 000000000000) msys-2.0.dll+0x6E6A
000000000000  000210045AC3 (000000000000, 000000000000, 000000000000, 000000000000) msys-2.0.dll+0x5AC3
0007FFFFFFF0  000210045B74 (000000000000, 000000000000, 000000000000, 000000000000) msys-2.0.dll+0x5B74
End of stack trace
Loaded modules:
000100400000 sh.exe
7FFB99650000 ntdll.dll
7FFB98C90000 KERNEL32.DLL
7FFB96D50000 KERNELBASE.dll
7FFB979E0000 USER32.dll
7FFB97130000 win32u.dll
7FFB97540000 GDI32.dll
7FFB96B90000 gdi32full.dll
000210040000 msys-2.0.dll
7FFB96CB0000 msvcp_win.dll
7FFB96810000 ucrtbase.dll
7FFB97320000 advapi32.dll
7FFB98790000 msvcrt.dll
7FFB98BE0000 sechost.dll
7FFB96930000 bcrypt.dll
7FFB984C0000 RPCRT4.dll
7FFB95ED0000 CRYPTBASE.DLL
7FFB96790000 bcryptPrimitives.dll
7FFB98840000 IMM32.DLL
7FFB84E40000 TmUmEvt64.dll
7FFB98D60000 PSAPI.DLL
000072CD0000 tmmon64.dll
7FFB6ECC0000 TmUmSnsr64.dll
7FFB956C0000 kernel.appcore.dll
      1 [main] sh (33280) C:\Program Files\Git\usr\bin\sh.exe: *** fatal error - add_item ("\??\C:\Program Files\Git", "/", ...) failed, errno 1
Stack trace:
Frame         Function      Args
0007FFFFABC0  00021005FEBA (000210288F1A, 00021026AB81, 000000008000, 0007FFFF8B30) msys-2.0.dll+0x1FEBA
0007FFFFABC0  0002100467F9 (0007FFFFABF0, 0007FFFFABC0, 000000000000, 000000000000) msys-2.0.dll+0x67F9
0007FFFFABC0  000210046832 (0007FFFF9BC0, 000000000001, 000000008000, 000000000001) msys-2.0.dll+0x6832
0007FFFFABC0  00021007D04A (000700000000, 000000000000, 0007FFFFCC18, 0007FFFFCD30) msys-2.0.dll+0x3D04A
1DBAB842DD65F6D  00021017F015 (000000000000, 000000000000, 000000000200, 000000000000) msys-2.0.dll+0x13F015
0007FFFFCD30  000210046E6A (000000000000, 000000000000, 000000000000, 000000000000) msys-2.0.dll+0x6E6A
000000000000  000210045AC3 (000000000000, 000000000000, 000000000000, 000000000000) msys-2.0.dll+0x5AC3
0007FFFFFFF0  000210045B74 (000000000000, 000000000000, 000000000000, 000000000000) msys-2.0.dll+0x5B74
End of stack trace
Loaded modules:
000100400000 sh.exe
7FFB99650000 ntdll.dll
7FFB98C90000 KERNEL32.DLL
7FFB96D50000 KERNELBASE.dll
7FFB979E0000 USER32.dll
7FFB97130000 win32u.dll
7FFB97540000 GDI32.dll
7FFB96B90000 gdi32full.dll
7FFB96CB0000 msvcp_win.dll
7FFB96810000 ucrtbase.dll
000210040000 msys-2.0.dll
7FFB97320000 advapi32.dll
7FFB98790000 msvcrt.dll
7FFB98BE0000 sechost.dll
7FFB96930000 bcrypt.dll
7FFB984C0000 RPCRT4.dll
7FFB95ED0000 CRYPTBASE.DLL
7FFB96790000 bcryptPrimitives.dll
7FFB98840000 IMM32.DLL
7FFB84E40000 TmUmEvt64.dll
7FFB98D60000 PSAPI.DLL
000072CD0000 tmmon64.dll
7FFB6ECC0000 TmUmSnsr64.dll
7FFB956C0000 kernel.appcore.dll
      0 [main] bash (49168) C:\Program Files\Git\usr\bin\bash.exe: *** fatal error - add_item ("\??\C:\Program Files\Git", "/", ...) failed, errno 1
Stack trace:
Frame         Function      Args
0007FFFFABC0  00021005FEBA (000210288F1A, 00021026AB81, 000000008000, 0007FFFF8B30) msys-2.0.dll+0x1FEBA
0007FFFFABC0  0002100467F9 (0007FFFFABF0, 0007FFFFABC0, 000000000000, 000000000000) msys-2.0.dll+0x67F9
0007FFFFABC0  000210046832 (0007FFFF9BC0, 000000000001, 000000008000, 000000000001) msys-2.0.dll+0x6832
0007FFFFABC0  00021007D04A (000700000000, 000000000000, 0007FFFFCC18, 0007FFFFCD30) msys-2.0.dll+0x3D04A
1DBAB843716B563  00021017F015 (000000000000, 000000000000, 00000000018C, 000000000000) msys-2.0.dll+0x13F015
0007FFFFCD30  000210046E6A (000000000000, 000000000000, 000000000000, 000000000000) msys-2.0.dll+0x6E6A
000000000000  000210045AC3 (000000000000, 000000000000, 000000000000, 000000000000) msys-2.0.dll+0x5AC3
0007FFFFFFF0  000210045B74 (000000000000, 000000000000, 000000000000, 000000000000) msys-2.0.dll+0x5B74
End of stack trace
Loaded modules:
000100400000 bash.exe
7FFB99650000 ntdll.dll
7FFB98C90000 KERNEL32.DLL
7FFB96D50000 KERNELBASE.dll
7FFB979E0000 USER32.dll
7FFB97130000 win32u.dll
7FFB97540000 GDI32.dll
7FFB96B90000 gdi32full.dll
7FFB96CB0000 msvcp_win.dll
7FFB96810000 ucrtbase.dll
000210040000 msys-2.0.dll
7FFB97320000 advapi32.dll
7FFB98790000 msvcrt.dll
7FFB98BE0000 sechost.dll
7FFB96930000 bcrypt.dll
7FFB984C0000 RPCRT4.dll
7FFB95ED0000 CRYPTBASE.DLL
7FFB96790000 bcryptPrimitives.dll
7FFB98840000 IMM32.DLL
error: failed to execute prompt script (exit code 5)
fatal: could not read Username for 'https://github.com': No such file or directory

    at ChildProcess.<anonymous> (C:\Users\dcsaksh\AppData\Roaming\npm\node_modules\markbind-cli\node_modules\gh-pages\lib\git.js:42:16)
    at ChildProcess.emit (node:events:514:28)
    at maybeClose (node:internal/child_process:1091:16)
    at ChildProcess._handle.onexit (node:internal/child_process:302:5)
2025-04-12T08:30:47.975Z - info: Website generation started at 4:30:28 pm
2025-04-12T08:30:58.946Z - info: Building assets...
2025-04-12T08:31:06.031Z - info: Assets built
2025-04-12T08:31:06.033Z - info: Generating pages...
2025-04-12T08:31:35.429Z - debug:  
2025-04-12T08:31:35.431Z - debug:  
2025-04-12T08:31:35.431Z - debug:  
2025-04-12T08:31:35.432Z - debug:  
2025-04-12T08:31:35.433Z - debug:  
2025-04-12T08:31:35.433Z - debug:  
2025-04-12T08:31:35.434Z - debug:  
2025-04-12T08:31:35.434Z - debug:  
2025-04-12T08:31:35.435Z - debug:  
2025-04-12T08:31:35.436Z - debug:  
2025-04-12T08:31:35.437Z - debug:  
2025-04-12T08:31:35.437Z - debug:  
2025-04-12T08:31:35.438Z - debug:  
2025-04-12T08:31:35.438Z - debug:  
2025-04-12T08:31:35.438Z - debug:  
2025-04-12T08:31:38.319Z - debug:  
2025-04-12T08:31:44.884Z - debug:  
2025-04-12T08:32:45.670Z - debug:  
2025-04-12T08:37:26.735Z - debug:  
2025-04-12T08:38:12.443Z - debug:  
2025-04-12T08:38:12.485Z - debug:  
2025-04-12T08:38:40.662Z - info: Pages built
2025-04-12T08:38:42.366Z - info: Site data built
2025-04-12T08:38:42.367Z - info: Website generation complete! Total build time: 493.731s
2025-04-12T08:38:42.367Z - info: Build success!
2025-04-12T08:42:34.480Z - info: The website has been deployed at: https://nus-cs2113-ay2425s2.github.io/website
