2025-03-24T17:02:52.409Z - info: Website generation started at 1:02:34 am
2025-03-24T17:02:58.903Z - info: Building assets...
2025-03-24T17:03:03.553Z - info: Assets built
2025-03-24T17:03:03.554Z - info: Generating pages...
2025-03-24T17:03:17.665Z - debug:  
2025-03-24T17:03:17.666Z - debug:  
2025-03-24T17:03:17.915Z - debug:  
2025-03-24T17:03:17.922Z - debug:  
2025-03-24T17:03:17.922Z - debug:  
2025-03-24T17:03:17.923Z - debug:  
2025-03-24T17:03:17.925Z - debug:  
2025-03-24T17:03:17.925Z - debug:  
2025-03-24T17:03:17.929Z - debug:  
2025-03-24T17:03:17.930Z - debug:  
2025-03-24T17:03:17.930Z - debug:  
2025-03-24T17:03:17.939Z - debug:  
2025-03-24T17:03:17.939Z - debug:  
2025-03-24T17:03:17.939Z - debug:  
2025-03-24T17:03:17.944Z - debug:  
2025-03-24T17:03:19.379Z - debug:  
2025-03-24T17:03:22.905Z - debug:  
2025-03-24T17:03:45.129Z - debug:  
2025-03-24T17:05:28.948Z - debug:  
2025-03-24T17:05:43.868Z - debug:  
2025-03-24T17:05:43.918Z - debug:  
2025-03-24T17:05:54.326Z - info: Pages built
2025-03-24T17:05:56.298Z - info: Site data built
2025-03-24T17:05:56.299Z - info: Website generation complete! Total build time: 201.847s
2025-03-24T17:05:56.300Z - info: Build success!
2025-03-24T17:36:12.859Z - info: The website has been deployed at: https://nus-cs2113-ay2425s2.github.io/website
