2025-03-31T07:37:48.685Z - info: Website generation started at 3:37:06 pm
2025-03-31T07:37:58.377Z - info: Building assets...
2025-03-31T07:38:05.711Z - info: Assets built
2025-03-31T07:38:05.713Z - info: Generating pages...
2025-03-31T07:38:31.146Z - debug:  
2025-03-31T07:38:31.150Z - debug:  
2025-03-31T07:38:31.152Z - debug:  
2025-03-31T07:38:31.153Z - debug:  
2025-03-31T07:38:31.154Z - debug:  
2025-03-31T07:38:31.156Z - debug:  
2025-03-31T07:38:31.156Z - debug:  
2025-03-31T07:38:31.157Z - debug:  
2025-03-31T07:38:31.158Z - debug:  
2025-03-31T07:38:31.159Z - debug:  
2025-03-31T07:38:31.160Z - debug:  
2025-03-31T07:38:31.161Z - debug:  
2025-03-31T07:38:31.162Z - debug:  
2025-03-31T07:38:31.163Z - debug:  
2025-03-31T07:38:31.163Z - debug:  
2025-03-31T07:38:33.950Z - debug:  
2025-03-31T07:38:39.729Z - debug:  
2025-03-31T07:39:29.430Z - debug:  
2025-03-31T07:43:08.110Z - debug:  
2025-03-31T07:43:54.853Z - debug:  
2025-03-31T07:43:54.897Z - debug:  
2025-03-31T07:44:31.640Z - info: Pages built
2025-03-31T07:44:34.680Z - info: Site data built
2025-03-31T07:44:34.682Z - info: Website generation complete! Total build time: 447.986s
2025-03-31T07:44:34.683Z - info: Build success!
2025-03-31T07:49:02.707Z - info: The website has been deployed at: https://nus-cs2113-ay2425s2.github.io/website
