2025-01-22T00:15:06.692Z - info: Website generation started at 8:14:52 am
2025-01-22T00:15:11.528Z - info: Building assets...
2025-01-22T00:15:15.380Z - info: Assets built
2025-01-22T00:15:15.381Z - info: Generating pages...
2025-01-22T00:15:30.232Z - debug:  
2025-01-22T00:15:30.233Z - debug:  
2025-01-22T00:15:30.234Z - debug:  
2025-01-22T00:15:30.235Z - debug:  
2025-01-22T00:15:30.235Z - debug:  
2025-01-22T00:15:30.235Z - debug:  
2025-01-22T00:15:30.236Z - debug:  
2025-01-22T00:15:30.471Z - debug:  
2025-01-22T00:15:30.471Z - debug:  
2025-01-22T00:15:30.498Z - debug:  
2025-01-22T00:15:30.498Z - debug:  
2025-01-22T00:15:30.499Z - debug:  
2025-01-22T00:15:30.499Z - debug:  
2025-01-22T00:15:30.499Z - debug:  
2025-01-22T00:15:30.500Z - debug:  
2025-01-22T00:15:32.423Z - debug:  
2025-01-22T00:15:36.530Z - debug:  
2025-01-22T00:15:58.214Z - debug:  
2025-01-22T00:17:14.917Z - debug:  
2025-01-22T00:17:30.967Z - debug:  
2025-01-22T00:17:31.026Z - debug:  
2025-01-22T00:17:41.714Z - info: Pages built
2025-01-22T00:17:43.335Z - info: Site data built
2025-01-22T00:17:43.335Z - info: Website generation complete! Total build time: 170.987s
2025-01-22T00:17:43.336Z - info: Build success!
2025-01-22T00:20:24.181Z - info: The website has been deployed at: https://nus-cs2113-ay2425s2.github.io/website
