2025-02-04T16:03:00.374Z - info: Website generation started at 12:02:42 am
2025-02-04T16:03:08.446Z - info: Building assets...
2025-02-04T16:03:14.059Z - info: Assets built
2025-02-04T16:03:14.060Z - info: Generating pages...
2025-02-04T16:03:32.704Z - debug:  
2025-02-04T16:03:32.705Z - debug:  
2025-02-04T16:03:32.705Z - debug:  
2025-02-04T16:03:32.706Z - debug:  
2025-02-04T16:03:32.706Z - debug:  
2025-02-04T16:03:32.707Z - debug:  
2025-02-04T16:03:32.707Z - debug:  
2025-02-04T16:03:32.707Z - debug:  
2025-02-04T16:03:32.707Z - debug:  
2025-02-04T16:03:32.708Z - debug:  
2025-02-04T16:03:32.708Z - debug:  
2025-02-04T16:03:32.708Z - debug:  
2025-02-04T16:03:32.708Z - debug:  
2025-02-04T16:03:32.708Z - debug:  
2025-02-04T16:03:32.709Z - debug:  
2025-02-04T16:03:34.454Z - debug:  
2025-02-04T16:03:39.365Z - debug:  
2025-02-04T16:04:17.782Z - debug:  
2025-02-04T16:06:50.949Z - debug:  
2025-02-04T16:07:09.569Z - debug:  
2025-02-04T16:07:09.572Z - debug:  
2025-02-04T16:07:19.051Z - info: Pages built
2025-02-04T16:07:20.656Z - info: Site data built
2025-02-04T16:07:20.658Z - info: Website generation complete! Total build time: 277.993s
2025-02-04T16:07:20.659Z - info: Build success!
2025-02-04T16:10:25.506Z - info: The website has been deployed at: https://nus-cs2113-ay2425s2.github.io/website
