2025-03-17T03:04:41.938Z - info: Website generation started at 11:04:25 am
2025-03-17T03:04:46.779Z - info: Building assets...
2025-03-17T03:04:51.055Z - info: Assets built
2025-03-17T03:04:51.056Z - info: Generating pages...
2025-03-17T03:05:03.624Z - debug:  
2025-03-17T03:05:03.626Z - debug:  
2025-03-17T03:05:03.626Z - debug:  
2025-03-17T03:05:03.627Z - debug:  
2025-03-17T03:05:03.627Z - debug:  
2025-03-17T03:05:03.628Z - debug:  
2025-03-17T03:05:03.628Z - debug:  
2025-03-17T03:05:03.629Z - debug:  
2025-03-17T03:05:03.629Z - debug:  
2025-03-17T03:05:03.630Z - debug:  
2025-03-17T03:05:03.630Z - debug:  
2025-03-17T03:05:03.868Z - debug:  
2025-03-17T03:05:03.868Z - debug:  
2025-03-17T03:05:03.868Z - debug:  
2025-03-17T03:05:03.868Z - debug:  
2025-03-17T03:05:05.171Z - debug:  
2025-03-17T03:05:08.288Z - debug:  
2025-03-17T03:05:32.645Z - debug:  
2025-03-17T03:07:14.149Z - debug:  
2025-03-17T03:07:32.350Z - debug:  
2025-03-17T03:07:32.351Z - debug:  
2025-03-17T03:07:42.957Z - info: Pages built
2025-03-17T03:07:45.002Z - info: Site data built
2025-03-17T03:07:45.002Z - info: Website generation complete! Total build time: 199.934s
2025-03-17T03:07:45.003Z - info: Build success!
2025-03-17T03:10:58.116Z - info: The website has been deployed at: https://nus-cs2113-ay2425s2.github.io/website
