2025-03-13T16:29:10.518Z - info: Website generation (lazy) started at 12:28:52 am
2025-03-13T16:29:19.644Z - warn: ENOENT: no such file or directory, open 'D:\AkshayNarayan\Teaching\CS2113\_AY2425Sem2\website\cache\gh-pages\https!github.com!nus-cs2113-AY2425S2!website.git\book\_markbind\variables.md'
2025-03-13T16:29:19.647Z - warn: ENOENT: no such file or directory, open 'D:\AkshayNarayan\Teaching\CS2113\_AY2425Sem2\website\cache\gh-pages\https!github.com!nus-cs2113-AY2425S2!website.git\_markbind\variables.md'
2025-03-13T16:29:19.754Z - info: Building assets...
2025-03-13T16:30:07.601Z - info: Assets built
2025-03-13T16:30:07.602Z - info: Generating landing page...
2025-03-13T16:30:08.972Z - info: Landing page built, other pages will be built as you navigate to them!
2025-03-13T16:30:10.567Z - info: Site data built
2025-03-13T16:30:10.568Z - info: Website generation (lazy) complete! Total build time: 78.203s
2025-03-13T16:30:10.759Z - info: Serving "D:\AkshayNarayan\Teaching\CS2113\_AY2425Sem2\website\_site" at http://127.0.0.1:8080
2025-03-13T16:30:10.760Z - info: Press CTRL+C to stop ...
2025-03-13T16:30:44.807Z - info: Building D:\AkshayNarayan\Teaching\CS2113\_AY2425Sem2\website\admin\index as some of its dependencies were changed since the last visit
2025-03-13T16:30:45.593Z - info: Site data built
2025-03-13T16:30:45.594Z - info: Lazy website regeneration complete! Total build time: 0.788s
2025-03-13T16:30:46.430Z - info: Building D:\AkshayNarayan\Teaching\CS2113\_AY2425Sem2\website\admin\index as some of its dependencies were changed since the last visit
2025-03-13T16:30:46.656Z - info: Site data built
2025-03-13T16:30:46.656Z - info: Lazy website regeneration complete! Total build time: 0.226s
2025-03-13T16:30:52.445Z - info: Building D:\AkshayNarayan\Teaching\CS2113\_AY2425Sem2\website\admin\tp-timeline as some of its dependencies were changed since the last visit
2025-03-13T16:30:55.506Z - debug:  
2025-03-13T16:30:55.509Z - debug:  
2025-03-13T16:30:55.585Z - info: Site data built
2025-03-13T16:30:55.586Z - info: Lazy website regeneration complete! Total build time: 3.142s
2025-03-13T16:32:32.715Z - info: [12:32:32 am] Reload for file change: D:\AkshayNarayan\Teaching\CS2113\_AY2425Sem2\website\admin\tp-timeline.md
2025-03-13T16:32:32.716Z - info: Synchronizing opened pages list before reload
2025-03-13T16:32:32.717Z - info: Current opened pages, from most-to-least recent:
2025-03-13T16:32:32.718Z - info: 1. admin/tp-timeline
2025-03-13T16:32:33.730Z - info: Rebuilding 1 pages
2025-03-13T16:32:33.931Z - info: Site data built
2025-03-13T16:32:33.931Z - info: Pages rebuilt
2025-03-13T16:32:33.932Z - info: Website regeneration complete! Total build time: 0.204s
2025-03-13T16:33:04.555Z - info: [12:33:04 am] Reload for file change: D:\AkshayNarayan\Teaching\CS2113\_AY2425Sem2\website\admin\tp-timeline.md
2025-03-13T16:33:04.556Z - info: Synchronizing opened pages list before reload
2025-03-13T16:33:04.556Z - info: Current opened pages, from most-to-least recent:
2025-03-13T16:33:04.556Z - info: 1. admin/tp-timeline
2025-03-13T16:33:05.573Z - info: Rebuilding 1 pages
2025-03-13T16:33:05.763Z - info: Site data built
2025-03-13T16:33:05.764Z - info: Pages rebuilt
2025-03-13T16:33:05.764Z - info: Website regeneration complete! Total build time: 0.192s
2025-03-13T16:33:16.341Z - info: [12:33:16 am] Reload for file change: D:\AkshayNarayan\Teaching\CS2113\_AY2425Sem2\website\admin\tp-timeline.md
2025-03-13T16:33:16.341Z - info: Synchronizing opened pages list before reload
2025-03-13T16:33:16.342Z - info: Current opened pages, from most-to-least recent:
2025-03-13T16:33:16.342Z - info: 1. admin/tp-timeline
2025-03-13T16:33:17.360Z - info: Rebuilding 1 pages
2025-03-13T16:33:17.565Z - info: Site data built
2025-03-13T16:33:17.565Z - info: Pages rebuilt
2025-03-13T16:33:17.566Z - info: Website regeneration complete! Total build time: 0.207s
2025-03-13T16:33:27.886Z - info: [12:33:27 am] Reload for file change: D:\AkshayNarayan\Teaching\CS2113\_AY2425Sem2\website\admin\tp-timeline.md
2025-03-13T16:33:27.886Z - info: Synchronizing opened pages list before reload
2025-03-13T16:33:27.887Z - info: Current opened pages, from most-to-least recent:
2025-03-13T16:33:27.887Z - info: 1. admin/tp-timeline
2025-03-13T16:33:28.902Z - info: Rebuilding 1 pages
2025-03-13T16:33:29.085Z - info: Site data built
2025-03-13T16:33:29.085Z - info: Pages rebuilt
2025-03-13T16:33:29.085Z - info: Website regeneration complete! Total build time: 0.185s
2025-03-13T16:33:34.826Z - info: [12:33:34 am] Reload for file change: D:\AkshayNarayan\Teaching\CS2113\_AY2425Sem2\website\admin\tp-timeline.md
2025-03-13T16:33:34.827Z - info: Synchronizing opened pages list before reload
2025-03-13T16:33:34.827Z - info: Current opened pages, from most-to-least recent:
2025-03-13T16:33:34.827Z - info: 1. admin/tp-timeline
2025-03-13T16:33:35.842Z - info: Rebuilding 1 pages
2025-03-13T16:33:36.002Z - info: Site data built
2025-03-13T16:33:36.003Z - info: Pages rebuilt
2025-03-13T16:33:36.003Z - info: Website regeneration complete! Total build time: 0.162s
2025-03-13T16:33:46.111Z - info: [12:33:46 am] Reload for file change: D:\AkshayNarayan\Teaching\CS2113\_AY2425Sem2\website\admin\tp-timeline.md
2025-03-13T16:33:46.112Z - info: Synchronizing opened pages list before reload
2025-03-13T16:33:46.112Z - info: Current opened pages, from most-to-least recent:
2025-03-13T16:33:46.112Z - info: 1. admin/tp-timeline
2025-03-13T16:33:47.123Z - info: Rebuilding 1 pages
2025-03-13T16:33:47.283Z - info: Site data built
2025-03-13T16:33:47.283Z - info: Pages rebuilt
2025-03-13T16:33:47.284Z - info: Website regeneration complete! Total build time: 0.161s
2025-03-13T16:33:57.679Z - info: [12:33:57 am] Reload for file change: D:\AkshayNarayan\Teaching\CS2113\_AY2425Sem2\website\admin\tp-timeline.md
2025-03-13T16:33:57.679Z - info: Synchronizing opened pages list before reload
2025-03-13T16:33:57.680Z - info: Current opened pages, from most-to-least recent:
2025-03-13T16:33:57.680Z - info: 1. admin/tp-timeline
2025-03-13T16:33:58.694Z - info: Rebuilding 1 pages
2025-03-13T16:33:59.020Z - info: Site data built
2025-03-13T16:33:59.021Z - info: Pages rebuilt
2025-03-13T16:33:59.021Z - info: Website regeneration complete! Total build time: 0.329s
2025-03-13T16:34:15.501Z - info: Building D:\AkshayNarayan\Teaching\CS2113\_AY2425Sem2\website\admin\tp-w12 as some of its dependencies were changed since the last visit
2025-03-13T16:34:18.734Z - info: Site data built
2025-03-13T16:34:18.735Z - info: Lazy website regeneration complete! Total build time: 3.234s
2025-03-13T16:35:04.618Z - info: Building D:\AkshayNarayan\Teaching\CS2113\_AY2425Sem2\website\admin\tp-w13 as some of its dependencies were changed since the last visit
2025-03-13T16:35:05.638Z - info: Site data built
2025-03-13T16:35:05.638Z - info: Lazy website regeneration complete! Total build time: 1.021s
2025-03-13T16:35:25.466Z - info: [12:35:25 am] Reload for file change: D:\AkshayNarayan\Teaching\CS2113\_AY2425Sem2\website\admin\tp-timeline.md
2025-03-13T16:35:25.467Z - info: Synchronizing opened pages list before reload
2025-03-13T16:35:25.467Z - info: Current opened pages, from most-to-least recent:
2025-03-13T16:35:25.468Z - info: 1. admin/tp-timeline
2025-03-13T16:35:26.482Z - info: Rebuilding 1 pages
2025-03-13T16:35:26.705Z - info: Site data built
2025-03-13T16:35:26.705Z - info: Pages rebuilt
2025-03-13T16:35:26.706Z - info: Website regeneration complete! Total build time: 0.224s
2025-03-13T16:39:58.017Z - info: [12:39:58 am] Reload for file change: D:\AkshayNarayan\Teaching\CS2113\_AY2425Sem2\website\admin\tp-timeline.md
2025-03-13T16:39:58.017Z - info: Synchronizing opened pages list before reload
2025-03-13T16:39:58.017Z - info: Current opened pages, from most-to-least recent:
2025-03-13T16:39:58.017Z - info: 1. admin/tp-timeline
2025-03-13T16:39:59.029Z - info: Rebuilding 1 pages
2025-03-13T16:39:59.038Z - error:  Template render error: (D:\AkshayNarayan\Teaching\CS2113\_AY2425Sem2\website\admin\tp-timeline.md) [Line 236, Column 18]
  parseSignature: expected comma after expression
    at Object._prettifyError (C:\Users\dcsaksh\AppData\Roaming\npm\node_modules\markbind-cli\node_modules\nunjucks\src\lib.js:32:11)
    at Template.render (C:\Users\dcsaksh\AppData\Roaming\npm\node_modules\markbind-cli\node_modules\@markbind\core\src\patches\nunjucks\context-overrides-frame.js:358:19)
    at C:\Users\dcsaksh\AppData\Roaming\npm\node_modules\markbind-cli\node_modules\@markbind\core\src\patches\nunjucks\context-overrides-frame.js:54:25
    at createTemplate (C:\Users\dcsaksh\AppData\Roaming\npm\node_modules\markbind-cli\node_modules\@markbind\core\src\patches\nunjucks\load-event.js:121:7)
    at handle (C:\Users\dcsaksh\AppData\Roaming\npm\node_modules\markbind-cli\node_modules\@markbind\core\src\patches\nunjucks\load-event.js:133:9)
    at C:\Users\dcsaksh\AppData\Roaming\npm\node_modules\markbind-cli\node_modules\@markbind\core\src\patches\nunjucks\load-event.js:145:7
    at next (C:\Users\dcsaksh\AppData\Roaming\npm\node_modules\markbind-cli\node_modules\nunjucks\src\lib.js:258:7)
    at Object.asyncIter (C:\Users\dcsaksh\AppData\Roaming\npm\node_modules\markbind-cli\node_modules\nunjucks\src\lib.js:263:3)
    at Environment.getTemplate (C:\Users\dcsaksh\AppData\Roaming\npm\node_modules\markbind-cli\node_modules\@markbind\core\src\patches\nunjucks\load-event.js:127:7)
    at Environment.render (C:\Users\dcsaksh\AppData\Roaming\npm\node_modules\markbind-cli\node_modules\@markbind\core\src\patches\nunjucks\context-overrides-frame.js:48:8)
    at VariableRenderer.renderFile (C:\Users\dcsaksh\AppData\Roaming\npm\node_modules\markbind-cli\node_modules\@markbind\core\src\variables\VariableRenderer.js:73:24)
    at VariableProcessor.renderWithSiteVariables (C:\Users\dcsaksh\AppData\Roaming\npm\node_modules\markbind-cli\node_modules\@markbind\core\src\variables\VariableProcessor.js:154:57)
    at Page.<anonymous> (C:\Users\dcsaksh\AppData\Roaming\npm\node_modules\markbind-cli\node_modules\@markbind\core\src\Page\index.js:494:45)
    at Generator.next (<anonymous>)
    at C:\Users\dcsaksh\AppData\Roaming\npm\node_modules\markbind-cli\node_modules\@markbind\core\src\Page\index.js:31:71
    at new Promise (<anonymous>)
2025-03-13T16:39:59.039Z - warn:  Error: Error while generating D:\AkshayNarayan\Teaching\CS2113\_AY2425Sem2\website\admin\tp-timeline.md
    at Site.<anonymous> (C:\Users\dcsaksh\AppData\Roaming\npm\node_modules\markbind-cli\node_modules\@markbind\core\src\Site\index.js:927:27)
    at Generator.throw (<anonymous>)
    at rejected (C:\Users\dcsaksh\AppData\Roaming\npm\node_modules\markbind-cli\node_modules\@markbind\core\src\Site\index.js:29:65)
2025-03-13T16:40:18.451Z - info: [12:40:18 am] Reload for file change: D:\AkshayNarayan\Teaching\CS2113\_AY2425Sem2\website\admin\tp-timeline.md
2025-03-13T16:40:18.452Z - info: Synchronizing opened pages list before reload
2025-03-13T16:40:18.452Z - info: Current opened pages, from most-to-least recent:
2025-03-13T16:40:18.452Z - info: 1. admin/tp-timeline
2025-03-13T16:40:19.470Z - info: Rebuilding 1 pages
2025-03-13T16:40:19.642Z - info: Site data built
2025-03-13T16:40:19.642Z - info: Pages rebuilt
2025-03-13T16:40:19.642Z - info: Website regeneration complete! Total build time: 0.173s
2025-03-13T16:40:31.412Z - info: [12:40:31 am] Reload for file change: D:\AkshayNarayan\Teaching\CS2113\_AY2425Sem2\website\admin\tp-timeline.md
2025-03-13T16:40:31.413Z - info: Synchronizing opened pages list before reload
2025-03-13T16:40:31.413Z - info: Current opened pages, from most-to-least recent:
2025-03-13T16:40:31.413Z - info: 1. admin/tp-timeline
2025-03-13T16:40:32.428Z - info: Rebuilding 1 pages
2025-03-13T16:40:32.716Z - info: Site data built
2025-03-13T16:40:32.716Z - info: Pages rebuilt
2025-03-13T16:40:32.716Z - info: Website regeneration complete! Total build time: 0.29s
2025-03-13T16:40:50.897Z - info: [12:40:50 am] Reload for file change: D:\AkshayNarayan\Teaching\CS2113\_AY2425Sem2\website\admin\tp-timeline.md
2025-03-13T16:40:50.898Z - info: Synchronizing opened pages list before reload
2025-03-13T16:40:50.898Z - info: Current opened pages, from most-to-least recent:
2025-03-13T16:40:50.898Z - info: 1. admin/tp-timeline
2025-03-13T16:40:51.910Z - info: Rebuilding 1 pages
2025-03-13T16:40:52.119Z - info: Site data built
2025-03-13T16:40:52.119Z - info: Pages rebuilt
2025-03-13T16:40:52.120Z - info: Website regeneration complete! Total build time: 0.21s
2025-03-13T16:44:11.387Z - info: [12:44:11 am] Reload for file change: D:\AkshayNarayan\Teaching\CS2113\_AY2425Sem2\website\admin\tp-timeline.md
2025-03-13T16:44:11.388Z - info: Synchronizing opened pages list before reload
2025-03-13T16:44:11.388Z - info: Current opened pages, from most-to-least recent:
2025-03-13T16:44:11.388Z - info: 1. admin/tp-timeline
2025-03-13T16:44:12.405Z - info: Rebuilding 1 pages
2025-03-13T16:44:12.676Z - info: Site data built
2025-03-13T16:44:12.676Z - info: Pages rebuilt
2025-03-13T16:44:12.676Z - info: Website regeneration complete! Total build time: 0.272s
2025-03-13T16:46:38.051Z - info: Website generation started at 12:45:57 am
2025-03-13T16:46:44.467Z - info: Building assets...
2025-03-13T16:46:48.781Z - info: Assets built
2025-03-13T16:46:48.782Z - info: Generating pages...
2025-03-13T16:47:04.102Z - debug:  
2025-03-13T16:47:04.103Z - debug:  
2025-03-13T16:47:04.106Z - debug:  
2025-03-13T16:47:04.107Z - debug:  
2025-03-13T16:47:04.107Z - debug:  
2025-03-13T16:47:04.107Z - debug:  
2025-03-13T16:47:04.107Z - debug:  
2025-03-13T16:47:04.107Z - debug:  
2025-03-13T16:47:04.107Z - debug:  
2025-03-13T16:47:04.107Z - debug:  
2025-03-13T16:47:04.108Z - debug:  
2025-03-13T16:47:04.108Z - debug:  
2025-03-13T16:47:04.109Z - debug:  
2025-03-13T16:47:04.109Z - debug:  
2025-03-13T16:47:04.111Z - debug:  
2025-03-13T16:47:05.279Z - debug:  
2025-03-13T16:47:08.533Z - debug:  
2025-03-13T16:47:35.209Z - debug:  
2025-03-13T16:49:13.678Z - debug:  
2025-03-13T16:49:28.739Z - debug:  
2025-03-13T16:49:28.805Z - debug:  
2025-03-13T16:49:39.795Z - info: Pages built
2025-03-13T16:49:41.473Z - info: Site data built
2025-03-13T16:49:41.473Z - info: Website generation complete! Total build time: 223.564s
2025-03-13T16:49:41.474Z - info: Build success!
2025-03-13T16:52:28.766Z - info: The website has been deployed at: https://nus-cs2113-ay2425s2.github.io/website
